package testdatas_test

import "testing"

func TestMinimum(t *testing.T) {
	t.Parallel()
	tests := []struct{ name string }{}
	for _, tt := range tests {
		tt := tt
		t.Run(tt.name, func(t *testing.T) {
			t.Parallel()
			testdatas.Minimum()
		})
	}
}
