package testdatas_test

import "testing"

func TestParamTwo(t *testing.T) {
	t.Parallel()
	type args struct {
		a int
		b int
	}
	tests := []struct {
		name string
		args args
	}{}
	for _, tt := range tests {
		tt := tt
		t.Run(tt.name, func(t *testing.T) {
			t.Parallel()
			testdatas.ParamTwo(tt.args.a, tt.args.b)
		})
	}
}

