package testdatas_test

import "testing"

func TestParamOne(t *testing.T) {
	t.Parallel()
	type args struct{ a int }
	tests := []struct {
		name string
		args args
	}{}
	for _, tt := range tests {
		tt := tt
		t.Run(tt.name, func(t *testing.T) {
			t.Parallel()
			testdatas.ParamOne(tt.args.a)
		})
	}
}
