package testdatas_test

import "testing"

func TestParamExternalPointer(t *testing.T) {
	t.Parallel()
	type args struct{ a *sample.Sample }
	tests := []struct {
		name string
		args args
	}{}
	for _, tt := range tests {
		tt := tt
		t.Run(tt.name, func(t *testing.T) {
			t.Parallel()
			testdatas.ParamExternalPointer(tt.args.a)
		})
	}
}

