package testdatas_test

import "testing"

func TestResultErr(t *testing.T) {
	t.Parallel()
	tests := []struct{ name string }{}
	for _, tt := range tests {
		tt := tt
		t.Run(tt.name, func(t *testing.T) {
			t.Parallel()
			err := testdatas.ResultErr()
			if err != nil {
				t.Errorf("Unexpected Error: %s", err)
				return
			}
		})
	}
}

