package testdatas_test

import (
	"testing"

	"github.com/google/go-cmp/cmp"
)

func TestResultOneAndErr(t *testing.T) {
	t.Parallel()
	tests := []struct {
		name string
		want int
	}{}
	for _, tt := range tests {
		tt := tt
		t.Run(tt.name, func(t *testing.T) {
			t.Parallel()
			got, err := testdatas.ResultOneAndErr()
			if err != nil {
				t.Errorf("Unexpected Error: %s", err)
				return
			}
			if diff := cmp.Diff(tt.want, got); diff != "" {
				t.Errorf("testdatas.ResultOneAndErr() mismatch (-want +got):\n%s", diff)
			}
		})
	}
}

